// Jest Snapshot v1, https://goo.gl/fbAQLP

exports[`Test delete-scripts: a patch file got produced 1`] = `
"SNAPSHOT: a patch file got produced
# generated by patch-package 0.0.0 on 1980-01-01 00:00:00
#
# command:
#   npx patch-package left-pad
#
# declared package:
#   left-pad: file:/mocked/path/to/left-pad-1.3.0.tgz#5b8a3a7765dfe001261dde915589e782f8c94d1e
#
diff --git a/node_modules/left-pad/index.js b/node_modules/left-pad/index.js
index e90aec3..f2b8b0a 100644
--- a/node_modules/left-pad/index.js
+++ b/node_modules/left-pad/index.js
@@ -4,7 +4,7 @@
      * To Public License, Version 2, as published by Sam Hocevar. See
      * http://www.wtfpl.net/ for more details. */
 'use strict';
-module.exports = leftPad;
+module.exports = patchPackage;
 
 var cache = [
   '',
@@ -19,7 +19,7 @@ var cache = [
   '         '
 ];
 
-function leftPad (str, len, ch) {
+function patchPackage (str, len, ch) {
   // convert \`str\` to a \`string\`
   str = str + '';
   // \`len\` is the \`pad\`'s length now
END SNAPSHOT"
`;
