// Jest Snapshot v1, https://goo.gl/fbAQLP

exports[`Test file-mode-changes: the patch file 1`] = `
"SNAPSHOT: the patch file
# generated by patch-package 0.0.0 on 1980-01-01 00:00:00
#
# command:
#   npx patch-package prettier
#
# declared package:
#   prettier: file:/mocked/path/to/prettier-1.16.0.tgz#104dd25f5ee3d0c9d0a6ce4bb40ced8481d51219
#
diff --git a/node_modules/prettier/bin-prettier.js b/node_modules/prettier/bin-prettier.js
old mode 100755
new mode 100644
diff --git a/node_modules/prettier/index.js b/node_modules/prettier/index.js
old mode 100644
new mode 100755
END SNAPSHOT"
`;
